// Jest Snapshot v1, https://goo.gl/fbAQLP

exports[`PrivateKeyProviderConnector signTypedData() must sign typed data by private key 1`] = `"0xae84710a5b27736e17be0cde5b02753e4bfe8b2558c371b932ce935b3fbf61976ed86fac1f969b6f8869926ab9fa74bb7d5539ce8081abc5bd02c97c7347ab3a1b"`;
