// Jest Snapshot v1, https://goo.gl/fbAQLP

exports[`LimitOrderProtocolV3Facade - facade for Limit order protocol contract cancelLimitOrder Must create a call data for order canceling 1`] = `"0x2d9a56f600000000000000000000000000000000000000000000000000000000000000200000000000000000000000000000000000000000000000000000000000000001000000000000000000000000e9e7cea3dedca5984780bafc599bd69add087d56000000000000000000000000111111111117dc0aa78b770fa6a738034120c302000000000000000000000000fb3c7eb936caa12b5a884d612393969a557d4307000000000000000000000000000000000000000000000000000000000000000000000000000000000000000000000000000000000000000000000000000000000000000000000000000000000000000000000000000000000de0b6b3a76400000000000000000000000000000000000000000000000000000de0b6b3a764000000000024000000240000002400000024000000000000000000000000000000000000000000000000000000000000000000000000000000000000000000000140000000000000000000000000000000000000000000000000000000000000002463592c2b00000000000000000000000000000000000000000000000000000000609f1be800000000000000000000000000000000000000000000000000000000"`;
