// Jest Snapshot v1, https://goo.gl/fbAQLP

exports[`PredicateBuilder - for build limit order predicate Complex predicate must includes all values and match the snapshot 1`] = `"0x742611450000000000000000000000000000000000000000000004ec000003c800000204000000000000000000000000000000000000000000000000000000000000004000000000000000000000000000000000000000000000000000000000000004ecbfa7514300000000000000000000000000000000000000000000018c00000068000000240000000000000000000000000000000000000000000000000000000000000040000000000000000000000000000000000000000000000000000000000000018c63592c2b00000000000000000000000000000000000000000000000000000000608d1a46cf6fc6e3000000000000000000000000fb3c7eb936caa12b5a884d612393969a557d4307000000000000000000000000000000000000000000000000000000031b62b0324f38e2b80000000000000000000000000000000000000000000000000368ced66ab10000000000000000000000000000000000000000000000000000000000000000004000000000000000000000000000000000000000000000000000000000000000a4bf15fcd8000000000000000000000000bb4cdb9cbd36b01bd1cbaebf2de08d9173bc095c0000000000000000000000000000000000000000000000000000000000000040000000000000000000000000000000000000000000000000000000000000002470a08231000000000000000000000000fb3c7eb936caa12b5a884d612393969a557d4307000000000000000000000000000000000000000000000000000000000000000000000000000000000000000000000000000000000000000000000000000000000000000000000000000000007426114500000000000000000000000000000000000000000000000000000148000000240000000000000000000000000000000000000000000000000000000000000040000000000000000000000000000000000000000000000000000000000000014863592c2b00000000000000000000000000000000000000000000000000000000608d56e3ca4ece220000000000000000000000000000000000000000000000002fed2d80b04df000000000000000000000000000000000000000000000000000000000000000004000000000000000000000000000000000000000000000000000000000000000a4bf15fcd8000000000000000000000000bb4cdb9cbd36b01bd1cbaebf2de08d9173bc095c0000000000000000000000000000000000000000000000000000000000000040000000000000000000000000000000000000000000000000000000000000002470a08231000000000000000000000000fb3c7eb936caa12b5a884d612393969a557d430700000000000000000000000000000000000000000000000000000000000000000000000000000000000000000000000000000000000000000000000000000000000000000000000000000000000000006fe7b0ba000000000000000000000000000000000000000000000000007b1405154a6600000000000000000000000000000000000000000000000000000000000000004000000000000000000000000000000000000000000000000000000000000000a4bf15fcd8000000000000000000000000bb4cdb9cbd36b01bd1cbaebf2de08d9173bc095c0000000000000000000000000000000000000000000000000000000000000040000000000000000000000000000000000000000000000000000000000000002470a08231000000000000000000000000fb3c7eb936caa12b5a884d612393969a557d430700000000000000000000000000000000000000000000000000000000000000000000000000000000000000000000000000000000000000000000000000000000000000000000000000000000"`;

exports[`PredicateBuilder - for build limit order predicate Simple predicate must includes all values and match the snapshot 1`] = `"0xbfa75143000000000000000000000000000000000000000000000000000000680000004400000000000000000000000000000000000000000000000000000000000000400000000000000000000000000000000000000000000000000000000000000068cf6fc6e3000000000000000000000000fb3c7eb936caa12b5a884d612393969a557d4307000000000000000000000000000000000000000000000000000000000000000d63592c2b00000000000000000000000000000000000000000000000000000000608d1a46000000000000000000000000000000000000000000000000"`;

exports[`PredicateBuilder - for build limit order predicate Simplyfied predicate must includes all values and match the snapshot 1`] = `"0x2cc2878d0000608d1a4600000000000efb3c7eb936caa12b5a884d612393969a557d4307"`;
