// Jest Snapshot v1, https://goo.gl/fbAQLP

exports[`LimitOrderV3Builder - for build new limit order Normal limit order buildLimitOrder() must create a limit order instance according to the given parameters 1`] = `
Object {
  "getMakingAmount": "0x",
  "getTakingAmount": "0x",
  "makerAssetData": "0x",
  "permit": "0x22",
  "postInteraction": "0x33",
  "preInteraction": "0x",
  "predicate": "0x11",
  "takerAssetData": "0x",
}
`;

exports[`LimitOrderV3Builder - for build new limit order Normal limit order buildLimitOrder() must create a limit order instance according to the given parameters 2`] = `
Object {
  "allowedSender": "0x0000000000000000000000000000000000000000",
  "interactions": "0x112233",
  "maker": "0xdddd91605c18a9999c1d47abfeed5daaaa700000",
  "makerAsset": "0xbb4cdb9cbd36b01bd1cbaebf2de08d9173bc095c",
  "makingAmount": "3",
  "offsets": "0x300000002000000020000000100000000000000000000000000000000",
  "receiver": "0x0000000000000000000000000000000000000000",
  "salt": "1",
  "takerAsset": "0x111111111117dc0aa78b770fa6a738034120c302",
  "takingAmount": "100",
}
`;

exports[`LimitOrderV3Builder - for build new limit order Normal limit order buildLimitOrderHash() must create a hash of order with 0x prefix 1`] = `"0xb817fcd255f7253abdc56c0686d42eb49fe2fd91efa5148953d23dfa46f9fd81"`;

exports[`LimitOrderV3Builder - for build new limit order Normal limit order buildOrderSignature() must call the provider signTypedData method 1`] = `"0x05712732e0cd9dfb4fdfcda3be3f62a734c1169474c5824816420d313cf6b33b35a91cf113ba11693793785914e408543b4c9418a8d10fc467b2709ed38c011a1b"`;
