// Jest Snapshot v1, https://goo.gl/fbAQLP

exports[`LimitOrderProtocolFacade - facade for Limit order protocol contract cancelLimitOrder() Must create a call data for order canceling 1`] = `"0x2d9a56f600000000000000000000000000000000000000000000000000000000000000200000000000000000000000000000000000000000000000000000000000000001000000000000000000000000e9e7cea3dedca5984780bafc599bd69add087d56000000000000000000000000111111111117dc0aa78b770fa6a738034120c302000000000000000000000000fb3c7eb936caa12b5a884d612393969a557d4307000000000000000000000000000000000000000000000000000000000000000000000000000000000000000000000000000000000000000000000000000000000000000000000000000000000000000000000000000000000de0b6b3a76400000000000000000000000000000000000000000000000000000de0b6b3a764000000000024000000240000002400000024000000000000000000000000000000000000000000000000000000000000000000000000000000000000000000000140000000000000000000000000000000000000000000000000000000000000002463592c2b00000000000000000000000000000000000000000000000000000000609f1be800000000000000000000000000000000000000000000000000000000"`;

exports[`LimitOrderProtocolFacade - facade for Limit order protocol contract fillLimitOrder() Must create a call data for order filling 1`] = `"0x62e238bb00000000000000000000000000000000000000000000000000000000000000c0000000000000000000000000000000000000000000000000000000000000026000000000000000000000000000000000000000000000000000000000000002e00000000000000000000000000000000000000000000000000de0b6b3a7640000000000000000000000000000000000000000000000000000000000000000000000000000000000000000000000000000000000000000000000000000000000000000000000000000000000000000000000000000000000000000000000000001000000000000000000000000e9e7cea3dedca5984780bafc599bd69add087d56000000000000000000000000111111111117dc0aa78b770fa6a738034120c302000000000000000000000000fb3c7eb936caa12b5a884d612393969a557d4307000000000000000000000000000000000000000000000000000000000000000000000000000000000000000000000000000000000000000000000000000000000000000000000000000000000000000000000000000000000de0b6b3a76400000000000000000000000000000000000000000000000000000de0b6b3a764000000000024000000240000002400000024000000000000000000000000000000000000000000000000000000000000000000000000000000000000000000000140000000000000000000000000000000000000000000000000000000000000002463592c2b00000000000000000000000000000000000000000000000000000000609f1be800000000000000000000000000000000000000000000000000000000000000000000000000000000000000000000000000000000000000000000004179f0370195da42aef392ddc9d3254827146a8476c559fcec908745bf7f21b22830717517dbf5cd87dda732f7325a8a5f28919530cf7a1b9b2a30de4b3e3a814c1c000000000000000000000000000000000000000000000000000000000000000000000000000000000000000000000000000000000000000000000000000000"`;

exports[`LimitOrderProtocolFacade - facade for Limit order protocol contract fillOrderToWithPermit() Must create a call data for order filling with permit 1`] = `"0xd365c695000000000000000000000000000000000000000000000000000000000000010000000000000000000000000000000000000000000000000000000000000002a000000000000000000000000000000000000000000000000000000000000003200000000000000000000000000000000000000000000000000de0b6b3a764000000000000000000000000000000000000000000000000000000000000000000000000000000000000000000000000000000000000000000000000000000000000000000000000000000000000fb3c7eb936caa12b5a884d612393969a557d430700000000000000000000000000000000000000000000000000000000000003400000000000000000000000000000000000000000000000000000000000000001000000000000000000000000e9e7cea3dedca5984780bafc599bd69add087d56000000000000000000000000111111111117dc0aa78b770fa6a738034120c302000000000000000000000000fb3c7eb936caa12b5a884d612393969a557d4307000000000000000000000000000000000000000000000000000000000000000000000000000000000000000000000000000000000000000000000000000000000000000000000000000000000000000000000000000000000de0b6b3a76400000000000000000000000000000000000000000000000000000de0b6b3a764000000000024000000240000002400000024000000000000000000000000000000000000000000000000000000000000000000000000000000000000000000000140000000000000000000000000000000000000000000000000000000000000002463592c2b00000000000000000000000000000000000000000000000000000000609f1be800000000000000000000000000000000000000000000000000000000000000000000000000000000000000000000000000000000000000000000004179f0370195da42aef392ddc9d3254827146a8476c559fcec908745bf7f21b22830717517dbf5cd87dda732f7325a8a5f28919530cf7a1b9b2a30de4b3e3a814c1c00000000000000000000000000000000000000000000000000000000000000000000000000000000000000000000000000000000000000000000000000000000000000000000000000000000000000000000000000000000000000000000070234233432032400000000000000000000000000000000000000000000000000"`;

exports[`LimitOrderProtocolFacade - facade for Limit order protocol contract fillRFQOrder() Must create a call data for RFQ order filling 1`] = `"0x3eca9c0a000000000000000000000000000000000000000060bf8c960000000000000002000000000000000000000000ae6c77d06226742a333a6d2991fe3331889c09a600000000000000000000000049feb353fdf1d396a959973216cbac10ef11e7bf00000000000000000000000096577468b160184347e16340a80a9e81c132b9670000000000000000000000009741db81f7b3b23ef66f285ed5c7dc2cb94b601e0000000000000000000000000000000000000000000000000de0b6b3a76400000000000000000000000000000000000000000000000000005a34a38fc00a000000000000000000000000000000000000000000000000000000000000000001208000000000000000000000000000000000000000000000000de0b6b3a76400000000000000000000000000000000000000000000000000000000000000000041dac60ac2a447d98277ca2b39b5fb69274e28851054a4c86cddf7563931d826293a836fb0c3ce60048f267bf9509bd57729a1e8e9fbc91a376ee85016c87beac61c00000000000000000000000000000000000000000000000000000000000000"`;
