// Jest Snapshot v1, https://goo.gl/fbAQLP

exports[`SeriesNonceManagerFacade advanceNonce 1`] = `"0x5d3a09dc00000000000000000000000000000000000000000000000000000000000000010000000000000000000000000000000000000000000000000000000000000003"`;

exports[`SeriesNonceManagerFacade increaseNonce 1`] = `"0x7a37dc2c0000000000000000000000000000000000000000000000000000000000000001"`;

exports[`SeriesNonceManagerFacade nonceEquals 1`] = `"0x9762222100000000000000000000000000000000000000000000000000000000000000010000000000000000000000001c667c6308d6c9c8ce5bd207f524041f67dbc65e0000000000000000000000000000000000000000000000000000000000000065"`;
