// Jest Snapshot v1, https://goo.gl/fbAQLP

exports[`SeriesNonceManagerFacade nonce 1`] = `"0x4a7f2a4b00000000000000000000000000000000000000000000000000000000000000010000000000000000000000001c667c6308d6c9c8ce5bd207f524041f67dbc65e"`;

exports[`SeriesNonceManagerFacade nonceEquals 1`] = `"0x9762222100000000000000000000000000000000000000000000000000000000000000010000000000000000000000001c667c6308d6c9c8ce5bd207f524041f67dbc65e0000000000000000000000000000000000000000000000000000000000000065"`;

exports[`SeriesNonceManagerFacade nonceEquals 2`] = `"0x2cc2878d0144838fc0000000006500011c667c6308d6c9c8ce5bd207f524041f67dbc65e"`;
